------------------------------------------------------------
Timing Analyzer Summary
------------------------------------------------------------

Type  : Slow 1100mV 85C Model Setup 'clock_50'
Slack : -5.508
TNS   : -327.344

Type  : Slow 1100mV 85C Model Setup 'clock_divider:inst|clk_i2c2'
Slack : -4.335
TNS   : -385.702

Type  : Slow 1100mV 85C Model Setup 'clock_divider:inst|clk_i2c'
Slack : -1.886
TNS   : -18.130

Type  : Slow 1100mV 85C Model Hold 'clock_divider:inst|clk_i2c2'
Slack : 0.276
TNS   : 0.000

Type  : Slow 1100mV 85C Model Hold 'clock_divider:inst|clk_i2c'
Slack : 0.360
TNS   : 0.000

Type  : Slow 1100mV 85C Model Hold 'clock_50'
Slack : 0.465
TNS   : 0.000

Type  : Slow 1100mV 85C Model Recovery 'clock_divider:inst|clk_i2c2'
Slack : -3.178
TNS   : -24.409

Type  : Slow 1100mV 85C Model Removal 'clock_divider:inst|clk_i2c2'
Slack : 1.243
TNS   : 0.000

Type  : Slow 1100mV 85C Model Minimum Pulse Width 'clock_50'
Slack : -0.791
TNS   : -69.606

Type  : Slow 1100mV 85C Model Minimum Pulse Width 'clock_divider:inst|clk_i2c2'
Slack : -0.394
TNS   : -77.620

Type  : Slow 1100mV 85C Model Minimum Pulse Width 'clock_divider:inst|clk_i2c'
Slack : -0.394
TNS   : -6.772

Type  : Slow 1100mV 0C Model Setup 'clock_50'
Slack : -5.651
TNS   : -320.782

Type  : Slow 1100mV 0C Model Setup 'clock_divider:inst|clk_i2c2'
Slack : -4.353
TNS   : -372.945

Type  : Slow 1100mV 0C Model Setup 'clock_divider:inst|clk_i2c'
Slack : -1.844
TNS   : -17.530

Type  : Slow 1100mV 0C Model Hold 'clock_divider:inst|clk_i2c2'
Slack : 0.278
TNS   : 0.000

Type  : Slow 1100mV 0C Model Hold 'clock_divider:inst|clk_i2c'
Slack : 0.384
TNS   : 0.000

Type  : Slow 1100mV 0C Model Hold 'clock_50'
Slack : 0.455
TNS   : 0.000

Type  : Slow 1100mV 0C Model Recovery 'clock_divider:inst|clk_i2c2'
Slack : -3.115
TNS   : -23.672

Type  : Slow 1100mV 0C Model Removal 'clock_divider:inst|clk_i2c2'
Slack : 1.168
TNS   : 0.000

Type  : Slow 1100mV 0C Model Minimum Pulse Width 'clock_50'
Slack : -0.774
TNS   : -77.292

Type  : Slow 1100mV 0C Model Minimum Pulse Width 'clock_divider:inst|clk_i2c2'
Slack : -0.394
TNS   : -78.300

Type  : Slow 1100mV 0C Model Minimum Pulse Width 'clock_divider:inst|clk_i2c'
Slack : -0.394
TNS   : -7.002

Type  : Fast 1100mV 85C Model Setup 'clock_50'
Slack : -3.836
TNS   : -138.154

Type  : Fast 1100mV 85C Model Setup 'clock_divider:inst|clk_i2c2'
Slack : -2.286
TNS   : -188.809

Type  : Fast 1100mV 85C Model Setup 'clock_divider:inst|clk_i2c'
Slack : -0.773
TNS   : -6.431

Type  : Fast 1100mV 85C Model Hold 'clock_divider:inst|clk_i2c2'
Slack : 0.095
TNS   : 0.000

Type  : Fast 1100mV 85C Model Hold 'clock_50'
Slack : 0.224
TNS   : 0.000

Type  : Fast 1100mV 85C Model Hold 'clock_divider:inst|clk_i2c'
Slack : 0.233
TNS   : 0.000

Type  : Fast 1100mV 85C Model Recovery 'clock_divider:inst|clk_i2c2'
Slack : -1.528
TNS   : -11.441

Type  : Fast 1100mV 85C Model Removal 'clock_divider:inst|clk_i2c2'
Slack : 0.633
TNS   : 0.000

Type  : Fast 1100mV 85C Model Minimum Pulse Width 'clock_50'
Slack : -0.708
TNS   : -12.050

Type  : Fast 1100mV 85C Model Minimum Pulse Width 'clock_divider:inst|clk_i2c2'
Slack : -0.129
TNS   : -8.393

Type  : Fast 1100mV 85C Model Minimum Pulse Width 'clock_divider:inst|clk_i2c'
Slack : 0.032
TNS   : 0.000

Type  : Fast 1100mV 0C Model Setup 'clock_50'
Slack : -3.256
TNS   : -118.456

Type  : Fast 1100mV 0C Model Setup 'clock_divider:inst|clk_i2c2'
Slack : -2.054
TNS   : -163.670

Type  : Fast 1100mV 0C Model Setup 'clock_divider:inst|clk_i2c'
Slack : -0.663
TNS   : -5.319

Type  : Fast 1100mV 0C Model Hold 'clock_divider:inst|clk_i2c2'
Slack : 0.080
TNS   : 0.000

Type  : Fast 1100mV 0C Model Hold 'clock_50'
Slack : 0.215
TNS   : 0.000

Type  : Fast 1100mV 0C Model Hold 'clock_divider:inst|clk_i2c'
Slack : 0.219
TNS   : 0.000

Type  : Fast 1100mV 0C Model Recovery 'clock_divider:inst|clk_i2c2'
Slack : -1.347
TNS   : -9.913

Type  : Fast 1100mV 0C Model Removal 'clock_divider:inst|clk_i2c2'
Slack : 0.547
TNS   : 0.000

Type  : Fast 1100mV 0C Model Minimum Pulse Width 'clock_50'
Slack : -0.657
TNS   : -11.931

Type  : Fast 1100mV 0C Model Minimum Pulse Width 'clock_divider:inst|clk_i2c2'
Slack : -0.072
TNS   : -4.094

Type  : Fast 1100mV 0C Model Minimum Pulse Width 'clock_divider:inst|clk_i2c'
Slack : 0.057
TNS   : 0.000

------------------------------------------------------------
