------------------------------------------------------------
Timing Analyzer Summary
------------------------------------------------------------

Type  : Slow 1100mV 85C Model Setup 'clock_50'
Slack : -5.853
TNS   : -342.036

Type  : Slow 1100mV 85C Model Setup 'clock_divider:inst|clk_i2c2'
Slack : -4.514
TNS   : -372.691

Type  : Slow 1100mV 85C Model Setup 'clock_divider:inst|clk_i2c'
Slack : -1.597
TNS   : -17.817

Type  : Slow 1100mV 85C Model Hold 'clock_divider:inst|clk_i2c2'
Slack : 0.283
TNS   : 0.000

Type  : Slow 1100mV 85C Model Hold 'clock_divider:inst|clk_i2c'
Slack : 0.418
TNS   : 0.000

Type  : Slow 1100mV 85C Model Hold 'clock_50'
Slack : 0.455
TNS   : 0.000

Type  : Slow 1100mV 85C Model Recovery 'clock_divider:inst|clk_i2c2'
Slack : -2.777
TNS   : -24.576

Type  : Slow 1100mV 85C Model Removal 'clock_divider:inst|clk_i2c2'
Slack : 1.445
TNS   : 0.000

Type  : Slow 1100mV 85C Model Minimum Pulse Width 'clock_50'
Slack : -0.762
TNS   : -73.234

Type  : Slow 1100mV 85C Model Minimum Pulse Width 'clock_divider:inst|clk_i2c2'
Slack : -0.394
TNS   : -63.574

Type  : Slow 1100mV 85C Model Minimum Pulse Width 'clock_divider:inst|clk_i2c'
Slack : -0.394
TNS   : -6.774

Type  : Slow 1100mV 0C Model Setup 'clock_50'
Slack : -5.940
TNS   : -338.621

Type  : Slow 1100mV 0C Model Setup 'clock_divider:inst|clk_i2c2'
Slack : -4.490
TNS   : -359.599

Type  : Slow 1100mV 0C Model Setup 'clock_divider:inst|clk_i2c'
Slack : -1.539
TNS   : -16.176

Type  : Slow 1100mV 0C Model Hold 'clock_divider:inst|clk_i2c2'
Slack : 0.282
TNS   : 0.000

Type  : Slow 1100mV 0C Model Hold 'clock_divider:inst|clk_i2c'
Slack : 0.450
TNS   : 0.000

Type  : Slow 1100mV 0C Model Hold 'clock_50'
Slack : 0.455
TNS   : 0.000

Type  : Slow 1100mV 0C Model Recovery 'clock_divider:inst|clk_i2c2'
Slack : -2.695
TNS   : -23.923

Type  : Slow 1100mV 0C Model Removal 'clock_divider:inst|clk_i2c2'
Slack : 1.334
TNS   : 0.000

Type  : Slow 1100mV 0C Model Minimum Pulse Width 'clock_50'
Slack : -0.748
TNS   : -80.437

Type  : Slow 1100mV 0C Model Minimum Pulse Width 'clock_divider:inst|clk_i2c2'
Slack : -0.394
TNS   : -62.692

Type  : Slow 1100mV 0C Model Minimum Pulse Width 'clock_divider:inst|clk_i2c'
Slack : -0.394
TNS   : -6.741

Type  : Fast 1100mV 85C Model Setup 'clock_50'
Slack : -4.032
TNS   : -148.587

Type  : Fast 1100mV 85C Model Setup 'clock_divider:inst|clk_i2c2'
Slack : -2.314
TNS   : -184.104

Type  : Fast 1100mV 85C Model Setup 'clock_divider:inst|clk_i2c'
Slack : -0.712
TNS   : -6.518

Type  : Fast 1100mV 85C Model Hold 'clock_divider:inst|clk_i2c2'
Slack : 0.099
TNS   : 0.000

Type  : Fast 1100mV 85C Model Hold 'clock_50'
Slack : 0.218
TNS   : 0.000

Type  : Fast 1100mV 85C Model Hold 'clock_divider:inst|clk_i2c'
Slack : 0.264
TNS   : 0.000

Type  : Fast 1100mV 85C Model Recovery 'clock_divider:inst|clk_i2c2'
Slack : -1.281
TNS   : -11.311

Type  : Fast 1100mV 85C Model Removal 'clock_divider:inst|clk_i2c2'
Slack : 0.791
TNS   : 0.000

Type  : Fast 1100mV 85C Model Minimum Pulse Width 'clock_50'
Slack : -0.681
TNS   : -12.937

Type  : Fast 1100mV 85C Model Minimum Pulse Width 'clock_divider:inst|clk_i2c2'
Slack : 0.002
TNS   : 0.000

Type  : Fast 1100mV 85C Model Minimum Pulse Width 'clock_divider:inst|clk_i2c'
Slack : 0.134
TNS   : 0.000

Type  : Fast 1100mV 0C Model Setup 'clock_50'
Slack : -3.413
TNS   : -127.338

Type  : Fast 1100mV 0C Model Setup 'clock_divider:inst|clk_i2c2'
Slack : -2.081
TNS   : -161.195

Type  : Fast 1100mV 0C Model Setup 'clock_divider:inst|clk_i2c'
Slack : -0.589
TNS   : -5.170

Type  : Fast 1100mV 0C Model Hold 'clock_divider:inst|clk_i2c2'
Slack : 0.084
TNS   : 0.000

Type  : Fast 1100mV 0C Model Hold 'clock_50'
Slack : 0.212
TNS   : 0.000

Type  : Fast 1100mV 0C Model Hold 'clock_divider:inst|clk_i2c'
Slack : 0.246
TNS   : 0.000

Type  : Fast 1100mV 0C Model Recovery 'clock_divider:inst|clk_i2c2'
Slack : -1.122
TNS   : -9.911

Type  : Fast 1100mV 0C Model Removal 'clock_divider:inst|clk_i2c2'
Slack : 0.699
TNS   : 0.000

Type  : Fast 1100mV 0C Model Minimum Pulse Width 'clock_50'
Slack : -0.638
TNS   : -12.811

Type  : Fast 1100mV 0C Model Minimum Pulse Width 'clock_divider:inst|clk_i2c2'
Slack : 0.036
TNS   : 0.000

Type  : Fast 1100mV 0C Model Minimum Pulse Width 'clock_divider:inst|clk_i2c'
Slack : 0.131
TNS   : 0.000

------------------------------------------------------------
